// Jest Snapshot v1, https://goo.gl/fbAQLP

exports[`ZosmfRestClient tests should append the cmrf header to all requests 1`] = `Array []`;
