// Jest Snapshot v1, https://goo.gl/fbAQLP

exports[`mq get resource should not have changed 1`] = `
Object {
  "description": "MQ Utilities",
  "name": "run",
  "passOn": Array [
    Object {
      "ignoreNodes": Array [
        Object {
          "type": "group",
        },
      ],
      "merge": true,
      "property": "options",
      "value": Array [
        Object {
          "aliases": Array [
            "H",
          ],
          "description": "The host name used to access the IBM MQ REST API. This might be the host name of the IBM MQ mqweb server, or the Zowe API Mediation Layer..",
          "group": "MQ Connection Options",
          "name": "host",
          "type": "string",
        },
        Object {
          "aliases": Array [
            "P",
          ],
          "description": "The port number used to access the IBM MQ REST API. This might be the port number of the IBM MQ mqweb server, or the Zowe API Mediation Layer.",
          "group": "MQ Connection Options",
          "name": "port",
          "type": "number",
        },
        Object {
          "aliases": Array [
            "u",
          ],
          "description": "The mainframe (MQ) user name, which can be the same as your TSO login.",
          "group": "MQ Connection Options",
          "name": "user",
          "type": "string",
        },
        Object {
          "aliases": Array [
            "pass",
            "pw",
          ],
          "description": "The mainframe (MQ) password, which can be the same as your TSO password.",
          "group": "MQ Connection Options",
          "name": "password",
          "type": "string",
        },
        Object {
          "aliases": Array [
            "ru",
          ],
          "defaultValue": false,
          "description": "Reject self-signed certificates.",
          "group": "MQ Connection Options",
          "name": "reject-unauthorized",
          "type": "boolean",
        },
        Object {
          "allowableValues": Object {
            "caseSensitive": false,
            "values": Array [
              "http",
              "https",
            ],
          },
          "defaultValue": "http",
          "description": "Specifies the MQ protocol (http or https).",
          "group": "MQ Connection Options",
          "name": "protocol",
          "type": "string",
        },
      ],
    },
  ],
  "summary": " Run an IBM MQ script command for queue manager configuration",
  "type": "group",
}
`;
