// Jest Snapshot v1, https://goo.gl/fbAQLP

exports[`imperative config should match the snapshot 1`] = `
Object {
  "commandModuleGlobs": Array [
    "**/cli/*/*.definition!(.d).*s",
  ],
  "name": "mq",
  "productDisplayName": "CLI Plug-in for IBM MQ for z/OS.",
  "profiles": Array [
    Object {
      "createProfileExamples": Array [
        Object {
          "description": "Create an MQ profile named 'mqprofile' to connect to MQ at host zos123 and port 1234",
          "options": "mq --host mq123 --port 1234 --user ibmuser --password myp4ss",
        },
      ],
      "schema": Object {
        "description": "An MQREST profile is required to issue commands in the MQ command group that interacts with MQSC. The mq profile contains your host, port, user name, and password for the IBM MQ System Console interface",
        "properties": Object {
          "host": Object {
            "optionDefinition": Object {
              "aliases": Array [
                "H",
              ],
              "description": "The host name used to access the IBM MQ REST API. This might be the host name of the IBM MQ mqweb server, or the Zowe API Mediation Layer..",
              "group": "MQ Connection Options",
              "name": "host",
              "type": "string",
            },
            "type": "string",
          },
          "password": Object {
            "optionDefinition": Object {
              "aliases": Array [
                "pass",
                "pw",
              ],
              "description": "The mainframe (MQ) password, which can be the same as your TSO password.",
              "group": "MQ Connection Options",
              "name": "password",
              "type": "string",
            },
            "secure": true,
            "type": "string",
          },
          "port": Object {
            "optionDefinition": Object {
              "aliases": Array [
                "P",
              ],
              "description": "The port number used to access the IBM MQ REST API. This might be the port number of the IBM MQ mqweb server, or the Zowe API Mediation Layer.",
              "group": "MQ Connection Options",
              "name": "port",
              "type": "number",
            },
            "type": "number",
          },
          "protocol": Object {
            "optionDefinition": Object {
              "allowableValues": Object {
                "caseSensitive": false,
                "values": Array [
                  "http",
                  "https",
                ],
              },
              "defaultValue": "https",
              "description": "Specifies the MQ protocol (http or https).",
              "group": "MQ Connection Options",
              "name": "protocol",
              "type": "string",
            },
            "type": "string",
          },
          "rejectUnauthorized": Object {
            "optionDefinition": Object {
              "aliases": Array [
                "ru",
              ],
              "defaultValue": false,
              "description": "Reject self-signed certificates.",
              "group": "MQ Connection Options",
              "name": "reject-unauthorized",
              "type": "boolean",
            },
            "type": "boolean",
          },
          "user": Object {
            "optionDefinition": Object {
              "aliases": Array [
                "u",
              ],
              "description": "The mainframe (MQ) user name, which can be the same as your TSO login.",
              "group": "MQ Connection Options",
              "name": "user",
              "type": "string",
            },
            "secure": true,
            "type": "string",
          },
        },
        "required": Array [],
        "title": "CLI profile for MQ",
        "type": "object",
      },
      "type": "mq",
    },
  ],
  "rootCommandDescription": "Interact with IBM MQ for z/OS.",
}
`;
